.next/types/app/perfume/[id]/page.ts(34,29): error TS2344: Type '{ params: { id: string; }; }' does not satisfy the constraint 'PageProps'.
  Types of property 'params' are incompatible.
    Type '{ id: string; }' is missing the following properties from type 'Promise<any>': then, catch, finally, [Symbol.toStringTag]
app/find-dupe/page.tsx(148,26): error TS2304: Cannot find name 'Check'.
